INFO [2025-11-12 12:34:33] $x
INFO [2025-11-12 12:34:33] gene_sets
INFO [2025-11-12 12:34:33] 
INFO [2025-11-12 12:34:33] $filename
INFO [2025-11-12 12:34:33] NULL
INFO [2025-11-12 12:34:33] 
INFO [2025-11-12 12:34:33] $fill
INFO [2025-11-12 12:34:33] c("steelblue", "indianred1", "gold", "forestgreen")
INFO [2025-11-12 12:34:33] 
INFO [2025-11-12 12:34:33] $alpha
INFO [2025-11-12 12:34:33] [1] 0.5
INFO [2025-11-12 12:34:33] 
INFO [2025-11-12 12:34:33] $cex
INFO [2025-11-12 12:34:33] [1] 1.5
INFO [2025-11-12 12:34:33] 
INFO [2025-11-12 12:34:33] $cat.cex
INFO [2025-11-12 12:34:33] [1] 1.2
INFO [2025-11-12 12:34:33] 
INFO [2025-11-12 12:34:33] $margin
INFO [2025-11-12 12:34:33] [1] 0.1
INFO [2025-11-12 12:34:33] 
