INFO [2025-11-12 12:33:09] $x
INFO [2025-11-12 12:33:09] gene_sets
INFO [2025-11-12 12:33:09] 
INFO [2025-11-12 12:33:09] $filename
INFO [2025-11-12 12:33:09] NULL
INFO [2025-11-12 12:33:09] 
INFO [2025-11-12 12:33:09] $fill
INFO [2025-11-12 12:33:09] c("steelblue", "indianred1", "gold", "forestgreen")
INFO [2025-11-12 12:33:09] 
INFO [2025-11-12 12:33:09] $alpha
INFO [2025-11-12 12:33:09] [1] 0.5
INFO [2025-11-12 12:33:09] 
INFO [2025-11-12 12:33:09] $cex
INFO [2025-11-12 12:33:09] [1] 1.5
INFO [2025-11-12 12:33:09] 
INFO [2025-11-12 12:33:09] $cat.cex
INFO [2025-11-12 12:33:09] [1] 1.2
INFO [2025-11-12 12:33:09] 
INFO [2025-11-12 12:33:09] $margin
INFO [2025-11-12 12:33:09] [1] 0.1
INFO [2025-11-12 12:33:09] 
