INFO [2025-11-12 12:34:38] $x
INFO [2025-11-12 12:34:38] gene_sets
INFO [2025-11-12 12:34:38] 
INFO [2025-11-12 12:34:38] $filename
INFO [2025-11-12 12:34:38] NULL
INFO [2025-11-12 12:34:38] 
INFO [2025-11-12 12:34:38] $fill
INFO [2025-11-12 12:34:38] c("steelblue", "indianred1", "gold", "forestgreen")
INFO [2025-11-12 12:34:38] 
INFO [2025-11-12 12:34:38] $alpha
INFO [2025-11-12 12:34:38] [1] 0.5
INFO [2025-11-12 12:34:38] 
INFO [2025-11-12 12:34:38] $cex
INFO [2025-11-12 12:34:38] [1] 1.5
INFO [2025-11-12 12:34:38] 
INFO [2025-11-12 12:34:38] $cat.cex
INFO [2025-11-12 12:34:38] [1] 1.2
INFO [2025-11-12 12:34:38] 
INFO [2025-11-12 12:34:38] $margin
INFO [2025-11-12 12:34:38] [1] 0.1
INFO [2025-11-12 12:34:38] 
